C51 COMPILER V9.59.0.0   HC595                                                             04/30/2023 16:10:01 PAGE 1   


C51 COMPILER V9.59.0.0, COMPILATION OF MODULE HC595
OBJECT MODULE PLACED IN .\Objects\HC595.obj
COMPILER INVOKED BY: D:\keil_MDK_community\keil_core\C51\BIN\C51.EXE HC595.c OPTIMIZE(8,SPEED) BROWSE DEBUG OBJECTEXTEND
                    - PRINT(.\Listings\HC595.lst) OBJECT(.\Objects\HC595.obj)

line level    source

   1          #include "HC595.h"
   2          
   3          void HC_595_INIT()
   4          {
   5   1          HC595_SH_CP = 0;
   6   1          HC595_ST_CP = 0;
   7   1          HC595_DS = 0;
   8   1      }
   9          
  10          void LED_595_DRIVE(unsigned char datL,unsigned char datH)
  11          {
  12   1          unsigned char i;
  13   1          unsigned char temp;
  14   1          temp = datH;
  15   1          HC595_ST_CP = 0;
  16   1          for (i = 0; i < 8; i++)
  17   1          {   
  18   2              HC595_DS = temp & 0x80;
  19   2              HC595_SH_CP = 1;//´æÈëÒÆÎ»¼Ä´æÆ÷
  20   2              temp <<= 1;
  21   2              HC595_SH_CP = 0;        
  22   2          }
  23   1          temp = datL;
  24   1          for (i = 0; i < 8; i++)
  25   1          {   
  26   2              HC595_DS = temp & 0x80;
  27   2              HC595_SH_CP = 1;//´æÈëÒÆÎ»¼Ä´æÆ÷
  28   2              temp <<= 1;
  29   2              HC595_SH_CP = 0;  
  30   2          }
  31   1          HC595_ST_CP = 1;//´æÈëÊý¾ÝËø´æÆ÷  
  32   1      }
  33          


MODULE INFORMATION:   STATIC OVERLAYABLE
   CODE SIZE        =     68    ----
   CONSTANT SIZE    =   ----    ----
   XDATA SIZE       =   ----    ----
   PDATA SIZE       =   ----    ----
   DATA SIZE        =   ----    ----
   IDATA SIZE       =   ----    ----
   BIT SIZE         =   ----    ----
END OF MODULE INFORMATION.


C51 COMPILATION COMPLETE.  0 WARNING(S),  0 ERROR(S)
